git  init
Initialized empty Git repository in /Users/ryanharrington/Dropbox/01 - Personal Projects/NBA Trends/.git/
]0;~/Dropbox/01 - Personal Projects/NBA TrendsRyans-MacBook-Pro:NBA Trends ryanharrington$ git  add .
]0;~/Dropbox/01 - Personal Projects/NBA TrendsRyans-MacBook-Pro:NBA Trends ryanharrington$ git  commit -m "Initial commit"
[master (root-commit) 090d306] Initial commit
 69 files changed, 65265 insertions(+)
 create mode 100644 .Rhistory
 create mode 100644 .Rproj.user/D5D418CD/console06/8FA7FBC0
 create mode 100644 .Rproj.user/D5D418CD/console06/8FA7FBC0.env
 create mode 100644 .Rproj.user/D5D418CD/console06/INDEX001
 create mode 100644 .Rproj.user/D5D418CD/pcs/files-pane.pper
 create mode 100644 .Rproj.user/D5D418CD/pcs/source-pane.pper
 create mode 100644 .Rproj.user/D5D418CD/pcs/windowlayoutstate.pper
 create mode 100644 .Rproj.user/D5D418CD/pcs/workbench-pane.pper
 create mode 100644 .Rproj.user/D5D418CD/rmd-outputs
 create mode 100644 .Rproj.user/D5D418CD/saved_source_markers
 create mode 100644 .Rproj.user/D5D418CD/sources/prop/195D518A
 create mode 100644 .Rproj.user/D5D418CD/sources/prop/244BE22D
 create mode 100644 .Rproj.user/D5D418CD/sources/prop/24F7DF8F
 create mode 100644 .Rproj.user/D5D418CD/sources/prop/38706125
 create mode 100644 .Rproj.user/D5D418CD/sources/prop/INDEX
 create mode 100644 .Rproj.user/D5D418CD/sources/s-98513E87/16574D61
 create mode 100644 .Rproj.user/D5D418CD/sources/s-98513E87/16574D61-contents
 create mode 100644 .Rproj.user/D5D418CD/sources/s-98513E87/59D2AB67-contents
 create mode 100644 .Rproj.user/D5D418CD/sources/s-98513E87/B7F54C68
 create mode 100644 .Rproj.user/D5D418CD/sources/s-98513E87/B7F54C68-contents
 create mode 100644 .Rproj.user/D5D418CD/sources/s-98513E87/D98B7A42
 create mode 100644 .Rproj.user/D5D418CD/sources/s-98513E87/D98B7A42-contents
 create mode 100644 .Rproj.user/D5D418CD/sources/s-98513E87/lock_file
 create mode 100644 .Rproj.user/shared/notebooks/96543A3A-Game Log Cleaning/1/D5D418CD3FC42591/chunks.json
 create mode 100644 .Rproj.user/shared/notebooks/96543A3A-Game Log Cleaning/1/D5D418CD98513E87/chunks.json
 create mode 100644 .Rproj.user/shared/notebooks/96543A3A-Game Log Cleaning/1/s/c0n22oul9mk8u/000019.csv
 create mode 100644 .Rproj.user/shared/notebooks/96543A3A-Game Log Cleaning/1/s/c0n22oul9mk8u/00001a.metadata
 create mode 100644 .Rproj.user/shared/notebooks/96543A3A-Game Log Cleaning/1/s/c0n22oul9mk8u/00001a.rdf
 create mode 100644 .Rproj.user/shared/notebooks/96543A3A-Game Log Cleaning/1/s/c3hlqr4fhc8mp/000002.csv
 create mode 100644 .Rproj.user/shared/notebooks/96543A3A-Game Log Cleaning/1/s/c3yfz6ks28axp/000002.csv
 create mode 100644 .Rproj.user/shared/notebooks/96543A3A-Game Log Cleaning/1/s/c44zexly018ft/000002.csv
 create mode 100644 .Rproj.user/shared/notebooks/96543A3A-Game Log Cleaning/1/s/c50j1ljs2q2pp/00000e.csv
 create mode 100644 .Rproj.user/shared/notebooks/96543A3A-Game Log Cleaning/1/s/cglnwx92dz18y/000008.csv
 create mode 100644 .Rproj.user/shared/notebooks/96543A3A-Game Log Cleaning/1/s/chunks.json
 create mode 100644 .Rproj.user/shared/notebooks/96543A3A-Game Log Cleaning/1/s/ci6cazq91buy9/00002f.csv
 create mode 100644 .Rproj.user/shared/notebooks/96543A3A-Game Log Cleaning/1/s/ci6cazq91buy9/000030.metadata
 create mode 100644 .Rproj.user/shared/notebooks/96543A3A-Game Log Cleaning/1/s/ci6cazq91buy9/000030.png
 create mode 100644 .Rproj.user/shared/notebooks/96543A3A-Game Log Cleaning/1/s/ci6cazq91buy9/000030.snapshot
 create mode 100644 .Rproj.user/shared/notebooks/96543A3A-Game Log Cleaning/1/s/cie0wmddokxr7/00000b.csv
 create mode 100644 .Rproj.user/shared/notebooks/96543A3A-Game Log Cleaning/1/s/cie0wmddokxr7/00000c.metadata
 create mode 100644 .Rproj.user/shared/notebooks/96543A3A-Game Log Cleaning/1/s/cie0wmddokxr7/00000c.rdf
 create mode 100644 .Rproj.user/shared/notebooks/96543A3A-Game Log Cleaning/1/s/cizcw5q6kzqcw/00000c.csv
 create mode 100644 .Rproj.user/shared/notebooks/96543A3A-Game Log Cleaning/1/s/cizcw5q6kzqcw/00000d.metadata
 create mode 100644 .Rproj.user/shared/notebooks/96543A3A-Game Log Cleaning/1/s/cizcw5q6kzqcw/00000d.rdf
 create mode 100644 .Rproj.user/shared/notebooks/96543A3A-Game Log Cleaning/1/s/ckvnuo28zaol6/00001a.csv
 create mode 100644 .Rproj.user/shared/notebooks/96543A3A-Game Log Cleaning/1/s/ckvnuo28zaol6/00001b.metadata
 create mode 100644 .Rproj.user/shared/notebooks/96543A3A-Game Log Cleaning/1/s/ckvnuo28zaol6/00001b.png
 create mode 100644 .Rproj.user/shared/notebooks/96543A3A-Game Log Cleaning/1/s/ckvnuo28zaol6/00001b.snapshot
 create mode 100644 .Rproj.user/shared/notebooks/96543A3A-Game Log Cleaning/1/s/cl4xigew1fmwa/000004.metadata
 create mode 100644 .Rproj.user/shared/notebooks/96543A3A-Game Log Cleaning/1/s/cl4xigew1fmwa/000004.rdf
 create mode 100644 .Rproj.user/shared/notebooks/96543A3A-Game Log Cleaning/1/s/csetup_chunk/000002.csv
 create mode 100644 .Rproj.user/shared/notebooks/96543A3A-Game Log Cleaning/1/s/ct6o57joc4bx9/000051.csv
 create mode 100644 .Rproj.user/shared/notebooks/96543A3A-Game Log Cleaning/1/s/cwjol3mqtvibs/00000a.csv
 create mode 100644 .Rproj.user/shared/notebooks/D9013EFF-Game Log Scraping/1/D5D418CD52375191/chunks.json
 create mode 100644 .Rproj.user/shared/notebooks/D9013EFF-Game Log Scraping/1/s/c8jbtbguap6cx/000002.csv
 create mode 100644 .Rproj.user/shared/notebooks/D9013EFF-Game Log Scraping/1/s/ccep4xo6joi5c/000013.csv
 create mode 100644 .Rproj.user/shared/notebooks/D9013EFF-Game Log Scraping/1/s/chunks.json
 create mode 100644 .Rproj.user/shared/notebooks/D9013EFF-Game Log Scraping/1/s/ck6a7s3u4lv88/000006.metadata
 create mode 100644 .Rproj.user/shared/notebooks/D9013EFF-Game Log Scraping/1/s/ck6a7s3u4lv88/000006.rdf
 create mode 100644 .Rproj.user/shared/notebooks/D9013EFF-Game Log Scraping/1/s/cnlnixo2sx0eg/000002.csv
 create mode 100644 .Rproj.user/shared/notebooks/D9013EFF-Game Log Scraping/1/s/csetup_chunk/000002.csv
 create mode 100644 .Rproj.user/shared/notebooks/patch-chunk-names
 create mode 100644 .Rproj.user/shared/notebooks/paths
 create mode 100644 Data/schedule.csv
 create mode 100644 Markdown/Game Log Cleaning.Rmd
 create mode 100644 Markdown/Game Log Scraping.Rmd
 create mode 100644 Markdown/Individual Top 20 2017-18 PPG Trends.Rmd
 create mode 100644 Markdown/NBA Team Win Percentage All Time.Rmd
 create mode 100644 NBA Trends.Rproj
]0;~/Dropbox/01 - Personal Projects/NBA TrendsRyans-MacBook-Pro:NBA Trends ryanharrington$ git  remote add origin https://github.com/rharrington3 1/n[KNBA.git
]0;~/Dropbox/01 - Personal Projects/NBA TrendsRyans-MacBook-Pro:NBA Trends ryanharrington$ git  push -u origin master
fatal: cannot run rpostback-askpass: No such file or directory
Username for 'https://github.com': rharrington31
fatal: cannot run rpostback-askpass: No such file or directory
Password for 'https://rharrington31@github.com': 
]0;~/Dropbox/01 - Personal Projects/NBA TrendsRyans-MacBook-Pro:NBA Trends ryanharrington$ git init
Reinitialized existing Git repository in /Users/ryanharrington/Dropbox/01 - Personal Projects/NBA Trends/.git/
]0;~/Dropbox/01 - Personal Projects/NBA TrendsRyans-MacBook-Pro:NBA Trends ryanharrington$ git add .
]0;~/Dropbox/01 - Personal Projects/NBA TrendsRyans-MacBook-Pro:NBA Trends ryanharrington$ git commit -m "first commit"
[master 81a4bac] first commit
 2 files changed, 82 insertions(+), 1 deletion(-)
 rewrite .Rproj.user/D5D418CD/console06/INDEX001 (73%)
]0;~/Dropbox/01 - Personal Projects/NBA TrendsRyans-MacBook-Pro:NBA Trends ryanharrington$ git remote add origin https://githu b.com/rharrington31/NBA.git
fatal: remote origin already exists.
]0;~/Dropbox/01 - Personal Projects/NBA TrendsRyans-MacBook-Pro:NBA Trends ryanharrington$ git remote -v
origin	https://github.com/rharrington31/NBA.git (fetch)
origin	https://github.com/rharrington31/NBA.git (push)
]0;~/Dropbox/01 - Personal Projects/NBA TrendsRyans-MacBook-Pro:NBA Trends ryanharrington$ git push -u origin master
fatal: cannot run rpostback-askpass: No such file or directory
Username for 'https://github.com': rharrington31
fatal: cannot run rpostback-askpass: No such file or directory
Password for 'https://rharrington31@github.com': 
remote: Invalid username or password.
fatal: Authentication failed for 'https://github.com/rharrington31/NBA.git/'
]0;~/Dropbox/01 - Personal Projects/NBA TrendsRyans-MacBook-Pro:NBA Trends ryanharrington$ git init
Reinitialized existing Git repository in /Users/ryanharrington/Dropbox/01 - Personal Projects/NBA Trends/.git/
]0;~/Dropbox/01 - Personal Projects/NBA TrendsRyans-MacBook-Pro:NBA Trends ryanharrington$ git add .
]0;~/Dropbox/01 - Personal Projects/NBA TrendsRyans-MacBook-Pro:NBA Trends ryanharrington$ git push orig[K[K[K[K[K[K[K[K[Kcommit -m "add [K[K[K[Kfirst commit"
[master 6d378c3] first commit
 1 file changed, 19 insertions(+)
]0;~/Dropbox/01 - Personal Projects/NBA TrendsRyans-MacBook-Pro:NBA Trends ryanharrington$ git remote add origin https://githu b.com/rharrington31/NBA.git
fatal: remote origin already exists.
]0;~/Dropbox/01 - Personal Projects/NBA TrendsRyans-MacBook-Pro:NBA Trends ryanharrington$ git remote -v
origin	https://github.com/rharrington31/NBA.git (fetch)
origin	https://github.com/rharrington31/NBA.git (push)
]0;~/Dropbox/01 - Personal Projects/NBA TrendsRyans-MacBook-Pro:NBA Trends ryanharrington$ git push -u origin master
fatal: cannot run rpostback-askpass: No such file or directory
Username for 'https://github.com': rhr arrington31
fatal: cannot run rpostback-askpass: No such file or directory
Password for 'https://rharrington31@github.com': 
Enumerating objects: 115, done.
Counting objects:   0% (1/115)   Counting objects:   1% (2/115)   Counting objects:   2% (3/115)   Counting objects:   3% (4/115)   Counting objects:   4% (5/115)   Counting objects:   5% (6/115)   Counting objects:   6% (7/115)   Counting objects:   7% (9/115)   Counting objects:   8% (10/115)   Counting objects:   9% (11/115)   Counting objects:  10% (12/115)   Counting objects:  11% (13/115)   Counting objects:  12% (14/115)   Counting objects:  13% (15/115)   Counting objects:  14% (17/115)   Counting objects:  15% (18/115)   Counting objects:  16% (19/115)   Counting objects:  17% (20/115)   Counting objects:  18% (21/115)   Counting objects:  19% (22/115)   Counting objects:  20% (23/115)   Counting objects:  21% (25/115)   Counting objects:  22% (26/115)   Counting objects:  23% (27/115)   Counting objects:  24% (28/115)   Counting objects:  25% (29/115)   Counting objects:  26% (30/115)   Counting objects:  27% (32/115)   Counting objects:  28% (33/115)   Counting objects:  29% (34/115)   Counting objects:  30% (35/115)   Counting objects:  31% (36/115)   Counting objects:  32% (37/115)   Counting objects:  33% (38/115)   Counting objects:  34% (40/115)   Counting objects:  35% (41/115)   Counting objects:  36% (42/115)   Counting objects:  37% (43/115)   Counting objects:  38% (44/115)   Counting objects:  39% (45/115)   Counting objects:  40% (46/115)   Counting objects:  41% (48/115)   Counting objects:  42% (49/115)   Counting objects:  43% (50/115)   Counting objects:  44% (51/115)   Counting objects:  45% (52/115)   Counting objects:  46% (53/115)   Counting objects:  47% (55/115)   Counting objects:  48% (56/115)   Counting objects:  49% (57/115)   Counting objects:  50% (58/115)   Counting objects:  51% (59/115)   Counting objects:  52% (60/115)   Counting objects:  53% (61/115)   Counting objects:  54% (63/115)   Counting objects:  55% (64/115)   Counting objects:  56% (65/115)   Counting objects:  57% (66/115)   Counting objects:  58% (67/115)   Counting objects:  59% (68/115)   Counting objects:  60% (69/115)   Counting objects:  61% (71/115)   Counting objects:  62% (72/115)   Counting objects:  63% (73/115)   Counting objects:  64% (74/115)   Counting objects:  65% (75/115)   Counting objects:  66% (76/115)   Counting objects:  67% (78/115)   Counting objects:  68% (79/115)   Counting objects:  69% (80/115)   Counting objects:  70% (81/115)   Counting objects:  71% (82/115)   Counting objects:  72% (83/115)   Counting objects:  73% (84/115)   Counting objects:  74% (86/115)   Counting objects:  75% (87/115)   Counting objects:  76% (88/115)   Counting objects:  77% (89/115)   Counting objects:  78% (90/115)   Counting objects:  79% (91/115)   Counting objects:  80% (92/115)   Counting objects:  81% (94/115)   Counting objects:  82% (95/115)   Counting objects:  83% (96/115)   Counting objects:  84% (97/115)   Counting objects:  85% (98/115)   Counting objects:  86% (99/115)   Counting objects:  87% (101/115)   Counting objects:  88% (102/115)   Counting objects:  89% (103/115)   Counting objects:  90% (104/115)   Counting objects:  91% (105/115)   Counting objects:  92% (106/115)   Counting objects:  93% (107/115)   Counting objects:  94% (109/115)   Counting objects:  95% (110/115)   Counting objects:  96% (111/115)   Counting objects:  97% (112/115)   Counting objects:  98% (113/115)   Counting objects:  99% (114/115)   Counting objects: 100% (115/115)   Counting objects: 100% (115/115), done.
Delta compression using up to 8 threads
Compressing objects:   1% (1/90)   Compressing objects:   2% (2/90)   Compressing objects:   3% (3/90)   Compressing objects:   4% (4/90)   Compressing objects:   5% (5/90)   Compressing objects:   6% (6/90)   Compressing objects:   7% (7/90)   Compressing objects:   8% (8/90)   Compressing objects:  10% (9/90)   Compressing objects:  11% (10/90)   Compressing objects:  12% (11/90)   Compressing objects:  13% (12/90)   Compressing objects:  14% (13/90)   Compressing objects:  15% (14/90)   Compressing objects:  16% (15/90)   Compressing objects:  17% (16/90)   Compressing objects:  18% (17/90)   Compressing objects:  20% (18/90)   Compressing objects:  21% (19/90)   Compressing objects:  22% (20/90)   Compressing objects:  23% (21/90)   Compressing objects:  24% (22/90)   Compressing objects:  25% (23/90)   Compressing objects:  26% (24/90)   Compressing objects:  27% (25/90)   Compressing objects:  28% (26/90)   Compressing objects:  30% (27/90)   Compressing objects:  31% (28/90)   Compressing objects:  32% (29/90)   Compressing objects:  33% (30/90)   Compressing objects:  34% (31/90)   Compressing objects:  35% (32/90)   Compressing objects:  36% (33/90)   Compressing objects:  37% (34/90)   Compressing objects:  38% (35/90)   Compressing objects:  40% (36/90)   Compressing objects:  41% (37/90)   Compressing objects:  42% (38/90)   Compressing objects:  43% (39/90)   Compressing objects:  44% (40/90)   Compressing objects:  45% (41/90)   Compressing objects:  46% (42/90)   Compressing objects:  47% (43/90)   Compressing objects:  48% (44/90)   Compressing objects:  50% (45/90)   Compressing objects:  51% (46/90)   Compressing objects:  52% (47/90)   Compressing objects:  53% (48/90)   Compressing objects:  54% (49/90)   Compressing objects:  55% (50/90)   Compressing objects:  56% (51/90)   Compressing objects:  57% (52/90)   Compressing objects:  58% (53/90)   Compressing objects:  60% (54/90)   Compressing objects:  61% (55/90)   Compressing objects:  62% (56/90)   Compressing objects:  63% (57/90)   Compressing objects:  64% (58/90)   Compressing objects:  65% (59/90)   Compressing objects:  66% (60/90)   Compressing objects:  67% (61/90)   Compressing objects:  68% (62/90)   Compressing objects:  70% (63/90)   Compressing objects:  71% (64/90)   Compressing objects:  72% (65/90)   Compressing objects:  73% (66/90)   Compressing objects:  74% (67/90)   Compressing objects:  75% (68/90)   Compressing objects:  76% (69/90)   Compressing objects:  77% (70/90)   Compressing objects:  78% (71/90)   Compressing objects:  80% (72/90)   Compressing objects:  81% (73/90)   Compressing objects:  82% (74/90)   Compressing objects:  83% (75/90)   Compressing objects:  84% (76/90)   Compressing objects:  85% (77/90)   Compressing objects:  86% (78/90)   Compressing objects:  87% (79/90)   Compressing objects:  88% (80/90)   Compressing objects:  90% (81/90)   Compressing objects:  91% (82/90)   Compressing objects:  92% (83/90)   Compressing objects:  93% (84/90)   Compressing objects:  94% (85/90)   Compressing objects:  95% (86/90)   Compressing objects:  96% (87/90)   Compressing objects:  97% (88/90)   Compressing objects:  98% (89/90)   Compressing objects: 100% (90/90)   Compressing objects: 100% (90/90), done.
Writing objects:   0% (1/115)   Writing objects:   1% (2/115)   Writing objects:   2% (3/115)   Writing objects:   3% (4/115)   Writing objects:   4% (5/115)   Writing objects:   5% (6/115)   Writing objects:   6% (7/115)   Writing objects:   7% (9/115)   Writing objects:   8% (10/115)   Writing objects:  10% (12/115)   Writing objects:  11% (13/115)   Writing objects:  12% (14/115)   Writing objects:  13% (15/115)   Writing objects:  14% (17/115)   Writing objects:  15% (18/115)   Writing objects:  16% (19/115)   Writing objects:  17% (20/115)   Writing objects:  18% (21/115)   Writing objects:  19% (22/115)   Writing objects:  20% (23/115)   Writing objects:  21% (25/115)   Writing objects:  22% (26/115)   Writing objects:  23% (27/115)   Writing objects:  25% (29/115)   Writing objects:  26% (30/115)   Writing objects:  27% (32/115)   Writing objects:  28% (33/115)   Writing objects:  29% (34/115)   Writing objects:  30% (35/115)   Writing objects:  31% (36/115)   Writing objects:  32% (37/115)   Writing objects:  33% (38/115)   Writing objects:  35% (41/115)   Writing objects:  36% (42/115)   Writing objects:  37% (43/115)   Writing objects:  38% (44/115)   Writing objects:  39% (45/115)   Writing objects:  40% (46/115)   Writing objects:  41% (48/115)   Writing objects:  43% (50/115)   Writing objects:  44% (51/115)   Writing objects:  45% (52/115)   Writing objects:  46% (53/115)   Writing objects:  47% (55/115)   Writing objects:  48% (56/115)   Writing objects:  49% (57/115)   Writing objects:  50% (58/115)   Writing objects:  51% (59/115)   Writing objects:  52% (60/115)   Writing objects:  53% (61/115)   Writing objects:  54% (63/115)   Writing objects:  55% (64/115)   Writing objects:  56% (65/115)   Writing objects:  57% (66/115)   Writing objects:  58% (67/115)   Writing objects:  59% (68/115)   Writing objects:  60% (69/115)   Writing objects:  61% (71/115)   Writing objects:  62% (72/115)   Writing objects:  63% (73/115)   Writing objects:  64% (74/115)   Writing objects:  65% (75/115)   Writing objects:  66% (76/115)   Writing objects:  67% (78/115)   Writing objects:  68% (79/115)   Writing objects:  69% (80/115)   Writing objects:  70% (81/115)   Writing objects:  71% (82/115)   Writing objects:  72% (83/115)   Writing objects:  73% (84/115)   Writing objects:  74% (86/115)   Writing objects:  75% (87/115)   Writing objects:  76% (88/115)   Writing objects:  77% (89/115)   Writing objects:  78% (90/115)   Writing objects:  79% (91/115)   Writing objects:  80% (92/115)   Writing objects:  81% (94/115)   Writing objects:  82% (95/115)   Writing objects:  83% (96/115)   Writing objects:  84% (97/115)   Writing objects:  85% (98/115)   Writing objects:  86% (99/115)   Writing objects:  87% (101/115)   Writing objects:  88% (102/115), 1.85 MiB | 3.47 MiB/s   Writing objects:  89% (103/115), 1.85 MiB | 3.47 MiB/s   Writing objects:  90% (104/115), 1.85 MiB | 3.47 MiB/s   Writing objects:  91% (105/115), 1.85 MiB | 3.47 MiB/s   Writing objects:  92% (106/115), 1.85 MiB | 3.47 MiB/s   Writing objects:  93% (107/115), 1.85 MiB | 3.47 MiB/s   Writing objects:  94% (109/115), 1.85 MiB | 3.47 MiB/s   Writing objects:  95% (110/115), 1.85 MiB | 3.47 MiB/s   Writing objects:  96% (111/115), 1.85 MiB | 3.47 MiB/s   Writing objects:  97% (112/115), 1.85 MiB | 3.47 MiB/s   Writing objects:  98% (113/115), 1.85 MiB | 3.47 MiB/s   Writing objects:  99% (114/115), 1.85 MiB | 3.47 MiB/s   Writing objects: 100% (115/115), 1.85 MiB | 3.47 MiB/s   Writing objects: 100% (115/115), 2.31 MiB | 3.94 MiB/s, done.
Total 115 (delta 14), reused 0 (delta 0)
remote: Resolving deltas:   0% (0/14)   [Kremote: Resolving deltas:  14% (2/14)   [Kremote: Resolving deltas:  28% (4/14)   [Kremote: Resolving deltas:  35% (5/14)   [Kremote: Resolving deltas:  42% (6/14)   [Kremote: Resolving deltas:  57% (8/14)   [Kremote: Resolving deltas:  71% (10/14)   [Kremote: Resolving deltas:  85% (12/14)   [Kremote: Resolving deltas:  92% (13/14)   [Kremote: Resolving deltas: 100% (14/14)   [Kremote: Resolving deltas: 100% (14/14), done.[K
remote: 
remote: Create a pull request for 'master' on GitHub by visiting:[K
remote:      https://github.com/rharrington31/NBA/pull/new/master[K
remote: 
To https://github.com/rharrington31/NBA.git
 * [new branch]      master -> master
Branch 'master' set up to track remote branch 'master' from 'origin'.
]0;~/Dropbox/01 - Personal Projects/NBA TrendsRyans-MacBook-Pro:NBA Trends ryanharrington$ [KRyans-MacBook-Pro:NBA Trends ryanharrington$ git add .
